Γû▓ Next.js 16.2.6 (Turbopack)
- Environments: .env.local

node.exe : ΓÜá The "middleware" file convention is deprecated. Please use "proxy" instead. Learn more: 
https://nextjs.org/docs/messages/middleware-to-proxy
At line:1 char:1
+ & "C:\Program Files\nodejs/node.exe" "C:\Users\kingaustin\AppData\Roa ...
+ ~~~~~~~~~~~~~~~~~~~~~~~~~~~~~~~~~~~~~~~~~~~~~~~~~~~~~~~~~~~~~~~~~~~~~
    + CategoryInfo          : NotSpecified: (ΓÜá The "middle...leware-to-proxy:String) [], RemoteException
    + FullyQualifiedErrorId : NativeCommandError
 
  Creating an optimized production build ...

> Build error occurred
Error: Turbopack build failed with 8 errors:
./src/app/product/[id]/page.tsx:5:1
Module not found: Can't resolve '@/data/products'
  [90m3 |[0m [36mimport[0m { useState } [36mfrom[0m [32m'react'[0m;
  [90m4 |[0m [36mimport[0m { notFound, useParams, useRouter } [36mfrom[0m [32m'next/navigation'[0m;
[31m[1m>[0m [90m5 |[0m [36mimport[0m { products } [36mfrom[0m [32m'@/data/products'[0m;
  [90m  |[0m [31m[1m^^^^^^^^^^^^^^^^^^^^^^^^^^^^^^^^^^^^^^^^^^^[0m
  [90m6 |[0m [36mimport[0m { useCart } [36mfrom[0m [32m'@/context/CartContext'[0m;
  [90m7 |[0m [36mimport[0m [33mNavbar[0m [36mfrom[0m [32m'@/components/Navbar'[0m;
  [90m8 |[0m [36mimport[0m [33mFooter[0m [36mfrom[0m [32m'@/components/Footer'[0m;

Import map: aliased to relative './src/data/products' inside of [project]/


Import traces:
  Client Component Browser:
    ./src/app/product/[id]/page.tsx [Client Component Browser]
    ./src/app/product/[id]/page.tsx [Server Component]

  Client Component SSR:
    ./src/app/product/[id]/page.tsx [Client Component SSR]
    ./src/app/product/[id]/page.tsx [Server Component]

https://nextjs.org/docs/messages/module-not-found


./src/components/ProductGrid.tsx:4:1
Module not found: Can't resolve '@/data/products'
  [90m2 |[0m
  [90m3 |[0m [36mimport[0m { motion } [36mfrom[0m [32m'framer-motion'[0m;
[31m[1m>[0m [90m4 |[0m [36mimport[0m { products } [36mfrom[0m [32m'@/data/products'[0m;
  [90m  |[0m [31m[1m^^^^^^^^^^^^^^^^^^^^^^^^^^^^^^^^^^^^^^^^^^^[0m
  [90m5 |[0m [36mimport[0m [33mLink[0m [36mfrom[0m [32m'next/link'[0m;
  [90m6 |[0m [36mimport[0m { useCart } [36mfrom[0m [32m'@/context/CartContext'[0m;
  [90m7 |[0m [36mimport[0m { useRouter } [36mfrom[0m [32m'next/navigation'[0m;

Import map: aliased to relative './src/data/products' inside of [project]/


Import traces:
  Client Component Browser:
    ./src/components/ProductGrid.tsx [Client Component Browser]
    ./src/app/shop/page.tsx [Client Component Browser]
    ./src/app/shop/page.tsx [Server Component]

  Client Component SSR:
    ./src/components/ProductGrid.tsx [Client Component SSR]
    ./src/app/shop/page.tsx [Client Component SSR]
    ./src/app/shop/page.tsx [Server Component]

https://nextjs.org/docs/messages/module-not-found


./src/app/dashboard/customers/page.tsx:13:1
Module not found: Can't resolve '@/hooks/useSupabaseData'
  [90m11 |[0m [36mimport[0m { toast } [36mfrom[0m [32m'sonner'[0m;
  [90m12 |[0m [36mimport[0m [33mBrutalistModal[0m [36mfrom[0m [32m'@/components/BrutalistModal'[0m;
[31m[1m>[0m [90m13 |[0m [36mimport[0m { useCustomers, useVendorStore } [36mfrom[0m 
[32m'@/hooks/useSupabaseData'[0m;
  [90m   |[0m [31m[1m^^^^^^^^^^^^^^^^^^^^^^^^^^^^^^^^^^^^^^^^^^^^^^^^^^^^^^^^^^^^^^^^^^^^^^^[0m
  [90m14 |[0m [36mimport[0m { createClient } [36mfrom[0m [32m'@/lib/supabase/client'[0m;
  [90m15 |[0m
  [90m16 |[0m [36mexport[0m [36mdefault[0m [36mfunction[0m [33mCustomersPage[0m() {

Import map: aliased to relative './src/hooks/useSupabaseData' inside of [project]/


Import traces:
  Client Component Browser:
    ./src/app/dashboard/customers/page.tsx [Client Component Browser]
    ./src/app/dashboard/customers/page.tsx [Server Component]

  Client Component SSR:
    ./src/app/dashboard/customers/page.tsx [Client Component SSR]
    ./src/app/dashboard/customers/page.tsx [Server Component]

https://nextjs.org/docs/messages/module-not-found


./src/app/dashboard/discounts/page.tsx:12:1
Module not found: Can't resolve '@/hooks/useSupabaseData'
  [90m10 |[0m [36mimport[0m { motion, [33mAnimatePresence[0m } [36mfrom[0m [32m'framer-motion'[0m;
  [90m11 |[0m [36mimport[0m [33mBrutalistModal[0m [36mfrom[0m [32m'@/components/BrutalistModal'[0m;
[31m[1m>[0m [90m12 |[0m [36mimport[0m { useDiscounts, useVendorStore } [36mfrom[0m 
[32m'@/hooks/useSupabaseData'[0m;
  [90m   |[0m [31m[1m^^^^^^^^^^^^^^^^^^^^^^^^^^^^^^^^^^^^^^^^^^^^^^^^^^^^^^^^^^^^^^^^^^^^^^^[0m
  [90m13 |[0m [36mimport[0m { createClient } [36mfrom[0m [32m'@/lib/supabase/client'[0m;
  [90m14 |[0m
  [90m15 |[0m [36mexport[0m [36mdefault[0m [36mfunction[0m [33mDiscountsPage[0m() {

Import map: aliased to relative './src/hooks/useSupabaseData' inside of [project]/


Import traces:
  Client Component Browser:
    ./src/app/dashboard/discounts/page.tsx [Client Component Browser]
    ./src/app/dashboard/discounts/page.tsx [Server Component]

  Client Component SSR:
    ./src/app/dashboard/discounts/page.tsx [Client Component SSR]
    ./src/app/dashboard/discounts/page.tsx [Server Component]

https://nextjs.org/docs/messages/module-not-found


./src/app/dashboard/layout.tsx:15:1
Module not found: Can't resolve '@/hooks/useSupabaseData'
  [90m13 |[0m [36mimport[0m { toast } [36mfrom[0m [32m'sonner'[0m;
  [90m14 |[0m [36mimport[0m { createClient } [36mfrom[0m [32m'@/lib/supabase/client'[0m;
[31m[1m>[0m [90m15 |[0m [36mimport[0m { useVendorStore } [36mfrom[0m [32m'@/hooks/useSupabaseData'[0m;
  [90m   |[0m [31m[1m^^^^^^^^^^^^^^^^^^^^^^^^^^^^^^^^^^^^^^^^^^^^^^^^^^^^^^^^^[0m
  [90m16 |[0m
  [90m17 |[0m [36mconst[0m mainNavigation = [
  [90m18 |[0m   { name: [32m'Home'[0m, href: [32m'/dashboard'[0m, icon: [33mHome[0m },

Import map: aliased to relative './src/hooks/useSupabaseData' inside of [project]/


Import traces:
  Client Component Browser:
    ./src/app/dashboard/layout.tsx [Client Component Browser]
    ./src/app/dashboard/layout.tsx [Server Component]

  Client Component SSR:
    ./src/app/dashboard/layout.tsx [Client Component SSR]
    ./src/app/dashboard/layout.tsx [Server Component]

https://nextjs.org/docs/messages/module-not-found


./src/app/dashboard/orders/page.tsx:11:1
Module not found: Can't resolve '@/hooks/useSupabaseData'
  [90m 9 |[0m [36mimport[0m { toast } [36mfrom[0m [32m'sonner'[0m;
  [90m10 |[0m [36mimport[0m [33mBrutalistModal[0m [36mfrom[0m [32m'@/components/BrutalistModal'[0m;
[31m[1m>[0m [90m11 |[0m [36mimport[0m { useOrders, useVendorStore } [36mfrom[0m 
[32m'@/hooks/useSupabaseData'[0m;
  [90m   |[0m [31m[1m^^^^^^^^^^^^^^^^^^^^^^^^^^^^^^^^^^^^^^^^^^^^^^^^^^^^^^^^^^^^^^^^^^^^[0m
  [90m12 |[0m [36mimport[0m { createClient } [36mfrom[0m [32m'@/lib/supabase/client'[0m;
  [90m13 |[0m
  [90m14 |[0m [36mexport[0m [36mdefault[0m [36mfunction[0m [33mOrdersPage[0m() {

Import map: aliased to relative './src/hooks/useSupabaseData' inside of [project]/


Import traces:
  Client Component Browser:
    ./src/app/dashboard/orders/page.tsx [Client Component Browser]
    ./src/app/dashboard/orders/page.tsx [Server Component]

  Client Component SSR:
    ./src/app/dashboard/orders/page.tsx [Client Component SSR]
    ./src/app/dashboard/orders/page.tsx [Server Component]

https://nextjs.org/docs/messages/module-not-found


./src/app/dashboard/products/page.tsx:12:1
Module not found: Can't resolve '@/hooks/useSupabaseData'
  [90m10 |[0m [36mimport[0m { toast } [36mfrom[0m [32m'sonner'[0m;
  [90m11 |[0m [36mimport[0m [33mBrutalistModal[0m [36mfrom[0m [32m'@/components/BrutalistModal'[0m;
[31m[1m>[0m [90m12 |[0m [36mimport[0m { useProducts, useVendorStore } [36mfrom[0m 
[32m'@/hooks/useSupabaseData'[0m;
  [90m   |[0m [31m[1m^^^^^^^^^^^^^^^^^^^^^^^^^^^^^^^^^^^^^^^^^^^^^^^^^^^^^^^^^^^^^^^^^^^^^^[0m
  [90m13 |[0m [36mimport[0m { createClient } [36mfrom[0m [32m'@/lib/supabase/client'[0m;
  [90m14 |[0m
  [90m15 |[0m [36mexport[0m [36mdefault[0m [36mfunction[0m [33mProductsManagementPage[0m() {

Import map: aliased to relative './src/hooks/useSupabaseData' inside of [project]/


Import traces:
  Client Component Browser:
    ./src/app/dashboard/products/page.tsx [Client Component Browser]
    ./src/app/dashboard/products/page.tsx [Server Component]

  Client Component SSR:
    ./src/app/dashboard/products/page.tsx [Client Component SSR]
    ./src/app/dashboard/products/page.tsx [Server Component]

https://nextjs.org/docs/messages/module-not-found


./src/app/dashboard/settings/page.tsx:7:1
Module not found: Can't resolve '@/hooks/useSupabaseData'
  [90m 5 |[0m [36mimport[0m { motion, [33mAnimatePresence[0m } [36mfrom[0m [32m'framer-motion'[0m;
  [90m 6 |[0m [36mimport[0m { toast } [36mfrom[0m [32m'sonner'[0m;
[31m[1m>[0m [90m 7 |[0m [36mimport[0m { useVendorStore } [36mfrom[0m [32m'@/hooks/useSupabaseData'[0m;
  [90m   |[0m [31m[1m^^^^^^^^^^^^^^^^^^^^^^^^^^^^^^^^^^^^^^^^^^^^^^^^^^^^^^^^^[0m
  [90m 8 |[0m [36mimport[0m { createClient } [36mfrom[0m [32m'@/lib/supabase/client'[0m;
  [90m 9 |[0m
  [90m10 |[0m [36mconst[0m [33mTABS[0m = [

Import map: aliased to relative './src/hooks/useSupabaseData' inside of [project]/


Import traces:
  Client Component Browser:
    ./src/app/dashboard/settings/page.tsx [Client Component Browser]
    ./src/app/dashboard/settings/page.tsx [Server Component]

  Client Component SSR:
    ./src/app/dashboard/settings/page.tsx [Client Component SSR]
    ./src/app/dashboard/settings/page.tsx [Server Component]

https://nextjs.org/docs/messages/module-not-found


    at <unknown> (./src/app/product/[id]/page.tsx:5:1)
    at <unknown> (https://nextjs.org/docs/messages/module-not-found)
    at <unknown> (./src/components/ProductGrid.tsx:4:1)
    at <unknown> (https://nextjs.org/docs/messages/module-not-found)
    at <unknown> (./src/app/dashboard/customers/page.tsx:13:1)
    at <unknown> (https://nextjs.org/docs/messages/module-not-found)
    at <unknown> (./src/app/dashboard/discounts/page.tsx:12:1)
    at <unknown> (https://nextjs.org/docs/messages/module-not-found)
    at <unknown> (./src/app/dashboard/layout.tsx:15:1)
    at <unknown> (https://nextjs.org/docs/messages/module-not-found)
    at <unknown> (./src/app/dashboard/orders/page.tsx:11:1)
    at <unknown> (https://nextjs.org/docs/messages/module-not-found)
    at <unknown> (./src/app/dashboard/products/page.tsx:12:1)
    at <unknown> (https://nextjs.org/docs/messages/module-not-found)
    at <unknown> (./src/app/dashboard/settings/page.tsx:7:1)
    at <unknown> (https://nextjs.org/docs/messages/module-not-found)
